Phase 02 WP02-01 two-device preflight
Date: 2026-07-29
Implementation commit: 148b02c3e51a4f5fa11979cd4be532a32118aae1

Local automated validation
- node --check implementation/test: PASS
- focused Node tests: PASS, 5/5
- repository CI self-tests: PASS, 31/31
- workflow and supply-chain contract: PASS
- git diff --check: PASS
- high-confidence secret scan: PASS, finding 0

Privacy contract
- explicit distinct target validation before ADB execution: PASS
- result excludes ADB serial and signing fingerprint: PASS
- subprocess failure output masking: PASS
- shell-free adb argument execution: PASS
- read-only target commands only: PASS

Connected target inventory
- online: 0
- unauthorized: 0
- offline: 0
- raw target serials recorded: NO

Remote CI
- run: 30414815240
- dependency audit: PASS, 1m20s
- backend: PASS, 2m43s
- quality: PASS, 3m40s
- Android prod: PASS, 4m27s
- Android dev: PASS, 5m08s
- final gate: PASS, 2s

Deferred
- live two-device preflight: NOT RUN, online target count 0
- Google/Supabase real session: NOT RUN in this slice
- two-adult invite/cold-start/account-switch E2E: NOT RUN
- production provider/Play signing: NOT RUN

Result: AUTOMATED TWO-DEVICE PREFLIGHT PASS; LIVE TWO-ADULT/TWO-DEVICE E2E PENDING.
