KinFlow Phase 01 WP01-01 foundation validation
Date: 2026-07-23
Base commit: d28eb08

Toolchain
- Flutter 3.44.7 revision 84fc5cbb22
- Dart 3.12.2
- Android compile/target API 36, min API 24
- NDK 28.2.13676358

Dependency resolution
- flutter pub get: PASS
- flutter_lints 6.0.0
- pubspec.lock committed

Formatting / analysis / tests
- dart format check: PASS, 5 files, 0 changed
- flutter analyze --fatal-infos --fatal-warnings: PASS, no issues
- flutter test: PASS, 2/2

Build recovery
- First dev build: FAIL, AGP 9 resValue feature disabled
- Fix: android.buildFeatures.resValues = true
- Second dev build: FAIL, NDK 28.2 missing source.properties
- Repair: preserve incomplete directory, reinstall NDK 28.2 through official sdkmanager
- Production Gradle kept flutter.ndkVersion; no NDK 27 workaround

Android dev build
- result: PASS
- APK: build/app/outputs/flutter-apk/app-dev-debug.apk
- bytes: 146011378
- SHA-256: 9bd0def788e1e26d277e4c47cf6b7dceaad620496f3bb265dbaf9bab2fd5166a
- package: me.newlines.kinflow.dev
- label: KinFlow Dev
- version: 0.1.0-dev (1)

Android prod build
- result: PASS
- APK: build/app/outputs/flutter-apk/app-prod-debug.apk
- bytes: 146011406
- SHA-256: 168468ae40436c8006449a5119509df53176fa15b801c080a7e3002740ff34de
- package: me.newlines.kinflow
- label: KinFlow
- version: 0.1.0 (1)

Device
- adb devices -l: command PASS
- connected devices: 0
- install/boot: NOT RUN

Clean staged-index bootstrap
- export: /private/tmp/kinflow-wp01-index.4YJTTk
- ignored/local files copied: no
- flutter pub get --offline: PASS
- flutter analyze: PASS, no issues
- flutter test: PASS, 2/2
- dev APK build: PASS

Provider / signing
- Google/Supabase console: NOT CREATED OR CONNECTED
- production signing: NOT CONFIGURED
- secrets added: none
