2026-07-23 KinFlow adult activation prototype validation

Toolchain:
- Flutter 3.44.7, revision 84fc5cbb22
- Dart 3.12.2
- Prototype version 0.0.1+1
- Prototype identifier dev.kinflow.poc (disposable)

PASS flutter analyze --fatal-infos --fatal-warnings
- No issues found

PASS flutter test
- ActivationModel tests: 3
- Full activation widget flow: 1
- Total: 4/4

Initial Android build finding:
- Local NDK 28.2.13676358 was incomplete and had no source.properties.
- No SDK directory was deleted.
- Prototype-only build selected installed NDK 27.0.12077973.

PASS flutter build apk --debug
- Artifact: poc/phase-00/activation_prototype/build/app/outputs/flutter-apk/app-debug.apk
- Size: 146166848 bytes
- SHA-256: 028b9cec54ebc1793574905d16b807a60f4423f3680353652824aad7aca4de60

NOT RUN:
- Android emulator/physical-device installation
- iOS build/boot
- Real-user prototype session
