2026-07-23 Phase 00 Flutter PoC

Official isolated SDK
- Flutter: 3.44.7
- Dart: 3.12.2
- framework revision: 84fc5cbb223bc12f83d65b647ff8a56caf779ffd
- engine revision: 69c8c61792f04cc809dfef0c910414fb9afc06cd

Scaffold
- command: flutter create --platforms=ios,android <temporary-directory>
- result: PASS
- repository impact: none; temporary directory only

Unit test
- command: flutter test
- result: PASS
- tests: 1/1

Android debug build
- command: flutter build apk --debug
- result: TIMEOUT
- elapsed: approximately 10 minutes
- last observed stage: Gradle assembleDebug / Kotlin DSL initial configuration
- artifact: not produced
- cleanup: Flutter parent interrupted, Gradle wrapper terminated, PoC Gradle daemon no longer running
- interpretation: environment/build-path evidence is incomplete; this is not sufficient evidence of an SDK compatibility defect

iOS build/boot
- result: NOT RUN
- blockers: no installed Simulator runtime, no CocoaPods, no physical device evidence

Android boot
- result: NOT RUN
- blockers: no AVD and no connected physical device

Temporary artifact cleanup
- removed: isolated Flutter SDK, scaffold, npm cache
- reclaimed: approximately 1.4 GB under /private/tmp
- shared Flutter SDK: unchanged
- note: shared Gradle dependency cache may contain newly downloaded build dependencies
